17:23:53 **** Incremental Build of configuration Debug for project stm_pro_lcd1602 ****
make -j16 all 
arm-none-eabi-gcc "../Core/Src/main.c" -mcpu=cortex-m3 -std=gnu11 -g3 -DDEBUG -DUSE_HAL_DRIVER -DSTM32F103xB -c -I../Core/Inc -I../Drivers/STM32F1xx_HAL_Driver/Inc/Legacy -I../Drivers/STM32F1xx_HAL_Driver/Inc -I../Drivers/CMSIS/Device/ST/STM32F1xx/Include -I../Drivers/CMSIS/Include -O0 -ffunction-sections -fdata-sections -Wall -fstack-usage -fcyclomatic-complexity -MMD -MP -MF"Core/Src/main.d" -MT"Core/Src/main.o" --specs=nano.specs -mfloat-abi=soft -mthumb -o "Core/Src/main.o"
arm-none-eabi-gcc -o "stm_pro_lcd1602.elf" @"objects.list"   -mcpu=cortex-m3 -T"D:\2.Code\stm_project\stm_pro_lcd1602\STM32F103C8TX_FLASH.ld" --specs=nosys.specs -Wl,-Map="stm_pro_lcd1602.map" -Wl,--gc-sections -static --specs=nano.specs -mfloat-abi=soft -mthumb -Wl,--start-group -lc -lm -Wl,--end-group
Finished building target: stm_pro_lcd1602.elf
 
arm-none-eabi-size  stm_pro_lcd1602.elf 
arm-none-eabi-objdump -h -S stm_pro_lcd1602.elf  > "stm_pro_lcd1602.list"
arm-none-eabi-objcopy  -O ihex stm_pro_lcd1602.elf  "stm_pro_lcd1602.hex"
   text	   data	    bss	    dec	    hex	filename
   7008	     12	   1652	   8672	   21e0	stm_pro_lcd1602.elf
arm-none-eabi-objcopy  -O binary stm_pro_lcd1602.elf  "stm_pro_lcd1602.bin"
Finished building: default.size.stdout
 
Finished building: stm_pro_lcd1602.hex
Finished building: stm_pro_lcd1602.bin
 
Finished building: stm_pro_lcd1602.list
 
 
17:23:57 **** Incremental Build of configuration Debug for project stm_pro_lcd1602 ****
make -j16 all 
arm-none-eabi-size  stm_pro_lcd1602.elf 
   text	   data	    bss	    dec	    hex	filename
   7008	     12	   1652	   8672	   21e0	stm_pro_lcd1602.elf
Finished building: default.size.stdout
 
